// Jest Snapshot v1, https://goo.gl/fbAQLP

exports[`Should render LoginPage component correctly 1`] = `
<Provider
  store={
    Object {
      "clearActions": [Function],
      "dispatch": [Function],
      "getActions": [Function],
      "getState": [Function],
      "replaceReducer": [Function],
      "subscribe": [Function],
    }
  }
>
  <LoginPage>
    <div>
      <div>
        <h2>
          Connect to see your game list
        </h2>
        <p>
          Manage to finish your games
        </p>
        <button
          onClick={[Function]}
        >
          Login with Google
        </button>
      </div>
    </div>
  </LoginPage>
</Provider>
`;
